// Jest Snapshot v1, https://goo.gl/fbAQLP

exports[`Button 1`] = `
<button
  className="cHzpQi"
  width="auto"
>
  Default Button
</button>
`;
